[dsathemes.com/html/la_notte_1.1/files/demo-4.html]
[backblue.gif]
[fade.gif]
[index.html]
[dsathemes.com/html/la_notte_1.1/files/images/favicon.ico]
[dsathemes.com/html/la_notte_1.1/files/images/apple-touch-icon-152x152.png]
[dsathemes.com/html/la_notte_1.1/files/images/apple-touch-icon-120x120.png]
[dsathemes.com/html/la_notte_1.1/files/images/apple-touch-icon-76x76.png]
[dsathemes.com/html/la_notte_1.1/files/images/apple-touch-icon.png]
[dsathemes.com/html/la_notte_1.1/files/css/bootstrap.min.css]
[dsathemes.com/html/la_notte_1.1/files/css/flaticon.css]
[dsathemes.com/html/la_notte_1.1/files/css/menu.css]
[dsathemes.com/html/la_notte_1.1/files/css/dropdown-effects/fade-down.css]
[dsathemes.com/html/la_notte_1.1/files/css/magnific-popup.css]
[dsathemes.com/html/la_notte_1.1/files/css/flexslider.css]
[dsathemes.com/html/la_notte_1.1/files/css/owl.carousel.min.css]
[dsathemes.com/html/la_notte_1.1/files/css/owl.theme.default.min.css]
[dsathemes.com/html/la_notte_1.1/files/css/datetimepicker.min.css]
[dsathemes.com/html/la_notte_1.1/files/css/style.css]
[dsathemes.com/html/la_notte_1.1/files/css/animate.css]
[dsathemes.com/html/la_notte_1.1/files/css/responsive.css]
[dsathemes.com/html/la_notte_1.1/files/demo-1.html]
[dsathemes.com/html/la_notte_1.1/files/images/color-scheme/l-01.jpg]
[dsathemes.com/html/la_notte_1.1/files/demo-2.html]
[dsathemes.com/html/la_notte_1.1/files/images/color-scheme/l-02.jpg]
[dsathemes.com/html/la_notte_1.1/files/demo-3.html]
[dsathemes.com/html/la_notte_1.1/files/images/color-scheme/l-03.jpg]
[dsathemes.com/html/la_notte_1.1/files/demo-5.html]
[dsathemes.com/html/la_notte_1.1/files/images/color-scheme/l-05.jpg]
[dsathemes.com/html/la_notte_1.1/files/demo-6.html]
[dsathemes.com/html/la_notte_1.1/files/images/color-scheme/l-06.jpg]
[dsathemes.com/html/la_notte_1.1/files/demo-7.html]
[dsathemes.com/html/la_notte_1.1/files/images/color-scheme/l-07.jpg]
[dsathemes.com/html/la_notte_1.1/files/images/color-scheme/l-08.jpg]
[dsathemes.com/html/la_notte_1.1/files/demo-8.html]
[dsathemes.com/html/la_notte_1.1/files/demo-9.html]
[dsathemes.com/html/la_notte_1.1/files/images/color-scheme/l-09.jpg]
[dsathemes.com/html/la_notte_1.1/files/images/logo-01.png]
[dsathemes.com/html/la_notte_1.1/files/images/logo-white.png]
[dsathemes.com/html/la_notte_1.1/files/about.html]
[dsathemes.com/html/la_notte_1.1/files/pricing.html]
[dsathemes.com/html/la_notte_1.1/files/gallery.html]
[dsathemes.com/html/la_notte_1.1/files/gift-cards.html]
[dsathemes.com/html/la_notte_1.1/files/team.html]
[dsathemes.com/html/la_notte_1.1/files/careers.html]
[dsathemes.com/html/la_notte_1.1/files/faqs.html]
[dsathemes.com/html/la_notte_1.1/files/blog-listing.html]
[dsathemes.com/html/la_notte_1.1/files/single-post.html]
[dsathemes.com/html/la_notte_1.1/files/booking.html]
[dsathemes.com/html/la_notte_1.1/files/contacts.html]
[dsathemes.com/html/la_notte_1.1/files/location.html]
[dsathemes.com/html/la_notte_1.1/files/images/slider/slide-4.jpg]
[dsathemes.com/html/la_notte_1.1/files/images/slider/slide-5.jpg]
[dsathemes.com/html/la_notte_1.1/files/images/slider/slide-6.jpg]
[dsathemes.com/html/la_notte_1.1/files/images/700x700_2.jpg]
[dsathemes.com/html/la_notte_1.1/files/images/promo-05.jpg]
[dsathemes.com/html/la_notte_1.1/files/images/promo-06.jpg]
[dsathemes.com/html/la_notte_1.1/files/images/promo-07.jpg]
[dsathemes.com/html/la_notte_1.1/files/images/800x700_1.jpg]
[dsathemes.com/html/la_notte_1.1/files/images/polish.png]
[dsathemes.com/html/la_notte_1.1/files/images/gallery/700x900_1.jpg]
[dsathemes.com/html/la_notte_1.1/files/images/gallery/700x800_1.jpg]
[dsathemes.com/html/la_notte_1.1/files/images/gallery/700x600_1.jpg]
[dsathemes.com/html/la_notte_1.1/files/images/gallery/700x500_1.jpg]
[dsathemes.com/html/la_notte_1.1/files/images/gallery/700x800_2.jpg]
[dsathemes.com/html/la_notte_1.1/files/images/gallery/700x700_2.jpg]
[dsathemes.com/html/la_notte_1.1/files/images/gallery/700x700_1.jpg]
[dsathemes.com/html/la_notte_1.1/files/images/brand-1.png]
[dsathemes.com/html/la_notte_1.1/files/images/brand-2.png]
[dsathemes.com/html/la_notte_1.1/files/images/brand-3.png]
[dsathemes.com/html/la_notte_1.1/files/images/brand-4.png]
[dsathemes.com/html/la_notte_1.1/files/images/brand-5.png]
[dsathemes.com/html/la_notte_1.1/files/images/brand-6.png]
[dsathemes.com/html/la_notte_1.1/files/images/brand-7.png]
[dsathemes.com/html/la_notte_1.1/files/images/brand-8.png]
[dsathemes.com/html/la_notte_1.1/files/images/brand-9.png]
[dsathemes.com/html/la_notte_1.1/files/images/700x700_5.jpg]
[dsathemes.com/html/la_notte_1.1/files/images/700x700_6.jpg]
[dsathemes.com/html/la_notte_1.1/files/images/700x700_7.jpg]
[dsathemes.com/html/la_notte_1.1/files/images/700x700_8.jpg]
[dsathemes.com/html/la_notte_1.1/files/images/700x700_9.jpg]
[dsathemes.com/html/la_notte_1.1/files/images/700x700_10.jpg]
[dsathemes.com/html/la_notte_1.1/files/images/blog/700x600_1.jpg]
[dsathemes.com/html/la_notte_1.1/files/images/blog/700x700_4.jpg]
[dsathemes.com/html/la_notte_1.1/files/images/blog/700x600_2.jpg]
[dsathemes.com/html/la_notte_1.1/files/js/jquery-3.6.0.min.js]
[dsathemes.com/html/la_notte_1.1/files/js/bootstrap.min.js]
[dsathemes.com/html/la_notte_1.1/files/js/modernizr.custom.js]
[dsathemes.com/html/la_notte_1.1/files/js/jquery.easing.js]
[dsathemes.com/html/la_notte_1.1/files/js/jquery.appear.js]
[dsathemes.com/html/la_notte_1.1/files/js/jquery.scrollto.js]
[dsathemes.com/html/la_notte_1.1/files/js/menu.js]
[dsathemes.com/html/la_notte_1.1/files/js/materialize.js]
[dsathemes.com/html/la_notte_1.1/files/js/jquery.vide.min.js]
[dsathemes.com/html/la_notte_1.1/files/js/datetimepicker.js]
[dsathemes.com/html/la_notte_1.1/files/js/imagesloaded.pkgd.min.js]
[dsathemes.com/html/la_notte_1.1/files/js/isotope.pkgd.min.js]
[dsathemes.com/html/la_notte_1.1/files/js/jquery.flexslider.js]
[dsathemes.com/html/la_notte_1.1/files/js/owl.carousel.min.js]
[dsathemes.com/html/la_notte_1.1/files/js/jquery.magnific-popup.min.js]
[dsathemes.com/html/la_notte_1.1/files/js/booking-form.js]
[dsathemes.com/html/la_notte_1.1/files/js/contact-form.js]
[dsathemes.com/html/la_notte_1.1/files/js/jquery.validate.min.js]
[dsathemes.com/html/la_notte_1.1/files/js/jquery.ajaxchimp.min.js]
[dsathemes.com/html/la_notte_1.1/files/js/wow.js]
[dsathemes.com/html/la_notte_1.1/files/js/custom.js]
[dsathemes.com/html/la_notte_1.1/files/js/changer.js]
[dsathemes.com/html/la_notte_1.1/files/js/styleswitch.js]
[dsathemes.com/html/la_notte_1.1/files/demo-4.html]
[dsathemes.com/html/la_notte_1.1/files/css/bootstrap.min.css]
[dsathemes.com/html/la_notte_1.1/files/fonts/flaticon585b.ttf]
[dsathemes.com/html/la_notte_1.1/files/fonts/flaticon585b.woff]
[dsathemes.com/html/la_notte_1.1/files/fonts/flaticon585b.woff2]
[dsathemes.com/html/la_notte_1.1/files/fonts/flaticon585b.eot]
[dsathemes.com/html/la_notte_1.1/files/css/flaticon.css]
[dsathemes.com/html/la_notte_1.1/files/css/menu.css]
[dsathemes.com/html/la_notte_1.1/files/css/dropdown-effects/fade-down.css]
[dsathemes.com/html/la_notte_1.1/files/css/magnific-popup.css]
[dsathemes.com/html/la_notte_1.1/files/fonts/flaticon585b.svg]
[dsathemes.com/html/la_notte_1.1/files/img/icons/bg_direction_nav.6e.delayed]
[dsathemes.com/html/la_notte_1.1/files/css/flexslider.css]
[dsathemes.com/html/la_notte_1.1/files/css/owl.video.play.png]
[dsathemes.com/html/la_notte_1.1/files/css/owl.carousel.min.css]
[dsathemes.com/html/la_notte_1.1/files/css/owl.theme.default.min.css]
[dsathemes.com/html/la_notte_1.1/files/css/datetimepicker.min.css]
[dsathemes.com/html/la_notte_1.1/files/images/tra-bg.png]
[dsathemes.com/html/la_notte_1.1/files/images/hero-3.jpg]
[dsathemes.com/html/la_notte_1.1/files/images/hero-9.jpg]
[dsathemes.com/html/la_notte_1.1/files/images/about-12-img.jpg]
[dsathemes.com/html/la_notte_1.1/files/images/video.jpg]
[dsathemes.com/html/la_notte_1.1/files/images/gift-card.png]
[dsathemes.com/html/la_notte_1.1/files/images/pb_4-1.jpg]
[dsathemes.com/html/la_notte_1.1/files/images/pb_4-2.jpg]
[dsathemes.com/html/la_notte_1.1/files/images/banner-1.jpg]
[dsathemes.com/html/la_notte_1.1/files/images/banner-2.jpg]
[dsathemes.com/html/la_notte_1.1/files/images/banner-3.jpg]
[dsathemes.com/html/la_notte_1.1/files/images/banner-4.jpg]
[dsathemes.com/html/la_notte_1.1/files/images/banner-5.jpg]
[dsathemes.com/html/la_notte_1.1/files/images/banner-6.jpg]
[dsathemes.com/html/la_notte_1.1/files/images/about-page.jpg]
[dsathemes.com/html/la_notte_1.1/files/images/booking-page.jpg]
[dsathemes.com/html/la_notte_1.1/files/images/careers-page.jpg]
[dsathemes.com/html/la_notte_1.1/files/images/contacts-page.jpg]
[dsathemes.com/html/la_notte_1.1/files/images/faqs-page.jpg]
[dsathemes.com/html/la_notte_1.1/files/images/gallery-page.jpg]
[dsathemes.com/html/la_notte_1.1/files/images/gift-cards-page.jpg]
[dsathemes.com/html/la_notte_1.1/files/images/pricing-page.jpg]
[dsathemes.com/html/la_notte_1.1/files/images/team-page.jpg]
[dsathemes.com/html/la_notte_1.1/files/images/back-to-top.png]
[dsathemes.com/html/la_notte_1.1/files/css/style.css]
[dsathemes.com/html/la_notte_1.1/files/css/animate.css]
[dsathemes.com/html/la_notte_1.1/files/css/responsive.css]
[dsathemes.com/html/la_notte_1.1/files/images/color-scheme/l-04.jpg]
[dsathemes.com/html/la_notte_1.1/files/images/slider/slide-1.jpg]
[dsathemes.com/html/la_notte_1.1/files/images/slider/slide-2.jpg]
[dsathemes.com/html/la_notte_1.1/files/images/slider/slide-3.jpg]
[dsathemes.com/html/la_notte_1.1/files/images/800x700_3.jpg]
[dsathemes.com/html/la_notte_1.1/files/images/700x700_1.jpg]
[dsathemes.com/html/la_notte_1.1/files/images/800x700_2.jpg]
[dsathemes.com/html/la_notte_1.1/files/demo-1.html]
[dsathemes.com/html/la_notte_1.1/files/images/hero-2-img.png]
[dsathemes.com/html/la_notte_1.1/files/images/700x900_1.jpg]
[dsathemes.com/html/la_notte_1.1/files/images/700x900_2.jpg]
[dsathemes.com/html/la_notte_1.1/files/images/700x900_3.jpg]
[dsathemes.com/html/la_notte_1.1/files/images/gallery/700x700_3.jpg]
[dsathemes.com/html/la_notte_1.1/files/images/gallery/700x700_4.jpg]
[dsathemes.com/html/la_notte_1.1/files/images/gallery/700x700_5.jpg]
[dsathemes.com/html/la_notte_1.1/files/images/gallery/700x700_6.jpg]
[dsathemes.com/html/la_notte_1.1/files/images/gallery/700x700_7.jpg]
[dsathemes.com/html/la_notte_1.1/files/images/gallery/700x700_8.jpg]
[dsathemes.com/html/la_notte_1.1/files/demo-2.html]
[dsathemes.com/html/la_notte_1.1/files/images/800x700_4.jpg]
[dsathemes.com/html/la_notte_1.1/files/images/footer-map.jpg]
[dsathemes.com/html/la_notte_1.1/files/demo-3.html]
[dsathemes.com/html/la_notte_1.1/files/demo-5.html]
[dsathemes.com/html/la_notte_1.1/files/images/hero-6-1.jpg]
[dsathemes.com/html/la_notte_1.1/files/images/hero-6-2.jpg]
[dsathemes.com/html/la_notte_1.1/files/images/700x800_1.jpg]
[dsathemes.com/html/la_notte_1.1/files/demo-6.html]
[dsathemes.com/html/la_notte_1.1/files/images/slider/slide-7.jpg]
[dsathemes.com/html/la_notte_1.1/files/images/slider/slide-8.jpg]
[dsathemes.com/html/la_notte_1.1/files/images/slider/slide-9.jpg]
[dsathemes.com/html/la_notte_1.1/files/demo-7.html]
[dsathemes.com/html/la_notte_1.1/files/images/hero-8.jpg]
[dsathemes.com/html/la_notte_1.1/files/demo-8.html]
[dsathemes.com/html/la_notte_1.1/files/demo-9.html]
[dsathemes.com/html/la_notte_1.1/files/about.html]
[dsathemes.com/html/la_notte_1.1/files/pricing.html]
[dsathemes.com/html/la_notte_1.1/files/images/gallery/700x800_3.jpg]
[dsathemes.com/html/la_notte_1.1/files/images/gallery/700x800_4.jpg]
[dsathemes.com/html/la_notte_1.1/files/images/gallery/700x500_2.jpg]
[dsathemes.com/html/la_notte_1.1/files/gallery.html]
[dsathemes.com/html/la_notte_1.1/files/gift-cards.html]
[dsathemes.com/html/la_notte_1.1/files/images/team-1.jpg]
[dsathemes.com/html/la_notte_1.1/files/images/team-2.jpg]
[dsathemes.com/html/la_notte_1.1/files/images/team-3.jpg]
[dsathemes.com/html/la_notte_1.1/files/images/team-4.jpg]
[dsathemes.com/html/la_notte_1.1/files/images/team-5.jpg]
[dsathemes.com/html/la_notte_1.1/files/images/team-6.jpg]
[dsathemes.com/html/la_notte_1.1/files/images/team-7.jpg]
[dsathemes.com/html/la_notte_1.1/files/images/team-8.jpg]
[dsathemes.com/html/la_notte_1.1/files/images/booking-1.jpg]
[dsathemes.com/html/la_notte_1.1/files/team.html]
[dsathemes.com/html/la_notte_1.1/files/careers.html]
[dsathemes.com/html/la_notte_1.1/files/faqs.html]
[dsathemes.com/html/la_notte_1.1/files/images/blog/700x700_1.jpg]
[dsathemes.com/html/la_notte_1.1/files/images/blog/700x700_2.jpg]
[dsathemes.com/html/la_notte_1.1/files/images/blog/700x700_3.jpg]
[dsathemes.com/html/la_notte_1.1/files/images/blog/700x500_1.jpg]
[dsathemes.com/html/la_notte_1.1/files/images/instagram/700x700_1.jpg]
[dsathemes.com/html/la_notte_1.1/files/images/instagram/700x700_2.jpg]
[dsathemes.com/html/la_notte_1.1/files/images/instagram/700x700_3.jpg]
[dsathemes.com/html/la_notte_1.1/files/images/instagram/700x700_4.jpg]
[dsathemes.com/html/la_notte_1.1/files/images/instagram/700x700_5.jpg]
[dsathemes.com/html/la_notte_1.1/files/images/instagram/700x700_6.jpg]
[dsathemes.com/html/la_notte_1.1/files/blog-listing.html]
[dsathemes.com/html/la_notte_1.1/files/images/blog/900x500_1.jpg]
[dsathemes.com/html/la_notte_1.1/files/images/blog/900x450_1.jpg]
[dsathemes.com/html/la_notte_1.1/files/images/blog/900x450_2.jpg]
[dsathemes.com/html/la_notte_1.1/files/images/comment-author-1.jpg]
[dsathemes.com/html/la_notte_1.1/files/images/comment-author-2.jpg]
[dsathemes.com/html/la_notte_1.1/files/images/comment-author-3.jpg]
[dsathemes.com/html/la_notte_1.1/files/images/comment-author-4.jpg]
[dsathemes.com/html/la_notte_1.1/files/js/comment-form.js]
[dsathemes.com/html/la_notte_1.1/files/single-post.html]
[dsathemes.com/html/la_notte_1.1/files/booking.html]
[dsathemes.com/html/la_notte_1.1/files/images/promo-01.jpg]
[dsathemes.com/html/la_notte_1.1/files/images/promo-02.jpg]
[dsathemes.com/html/la_notte_1.1/files/images/promo-03.jpg]
[dsathemes.com/html/la_notte_1.1/files/images/promo-04.jpg]
[dsathemes.com/html/la_notte_1.1/files/contacts.html]
[dsathemes.com/html/la_notte_1.1/files/images/location-1.jpg]
[dsathemes.com/html/la_notte_1.1/files/location.html]
[dsathemes.com/html/la_notte_1.1/files/fonts/flaticon585b.svg]
[dsathemes.com/html/la_notte_1.1/files/img/icons/bg_direction_nav.html]
[dsathemes.com/html/la_notte_1.1/files/css/owl.video.play.html]
[dsathemes.com/html/la_notte_1.1/files/images/gallery-page.html]
